[harness] config matrix: baseline, weighted, weighted+remat, weighted+remat+spectral, eregalloc-c0, eregalloc-c0+spectral, eregalloc-c2, eregalloc-c2+spectral
[harness] note: config 'baseline' is the baseline (first entry in the matrix)
[harness] backend: /home/reg/projects/montaglue/crabbit/scripts/perf-harness/results/20260831-clean-full/libcrabbit.so (sha256 df2122f6cd6b4dd9)
[harness] hyperfine: not found, using python timer
[harness] [baseline] compiling pure-rust-aarch64...
[harness] [weighted] compiling pure-rust-aarch64...
[harness] [weighted+remat] compiling pure-rust-aarch64...
[harness] [weighted+remat+spectral] compiling pure-rust-aarch64...
[harness] [eregalloc-c0] compiling pure-rust-aarch64...
[harness] [eregalloc-c0+spectral] compiling pure-rust-aarch64...
[harness] [eregalloc-c2] compiling pure-rust-aarch64...
[harness] [eregalloc-c2+spectral] compiling pure-rust-aarch64...
[harness] [baseline] compiling structs-aarch64...
[harness] [weighted] compiling structs-aarch64...
[harness] [weighted+remat] compiling structs-aarch64...
[harness] [weighted+remat+spectral] compiling structs-aarch64...
[harness] [eregalloc-c0] compiling structs-aarch64...
[harness] [eregalloc-c0+spectral] compiling structs-aarch64...
[harness] [eregalloc-c2] compiling structs-aarch64...
[harness] [eregalloc-c2+spectral] compiling structs-aarch64...
[harness] [baseline] compiling hello-world-aarch64...
[harness] [weighted] compiling hello-world-aarch64...
[harness] [weighted+remat] compiling hello-world-aarch64...
[harness] [weighted+remat+spectral] compiling hello-world-aarch64...
[harness] [eregalloc-c0] compiling hello-world-aarch64...
[harness] [eregalloc-c0+spectral] compiling hello-world-aarch64...
[harness] [eregalloc-c2] compiling hello-world-aarch64...
[harness] [eregalloc-c2+spectral] compiling hello-world-aarch64...
[harness] [baseline] compiling fp-aarch64...
[harness] [weighted] compiling fp-aarch64...
[harness] [weighted+remat] compiling fp-aarch64...
[harness] [weighted+remat+spectral] compiling fp-aarch64...
[harness] [eregalloc-c0] compiling fp-aarch64...
[harness] [eregalloc-c0+spectral] compiling fp-aarch64...
[harness] [eregalloc-c2] compiling fp-aarch64...
[harness] [eregalloc-c2+spectral] compiling fp-aarch64...
[harness] [baseline] compiling int128-aarch64...
[harness] [weighted] compiling int128-aarch64...
[harness] [weighted+remat] compiling int128-aarch64...
[harness] [weighted+remat+spectral] compiling int128-aarch64...
[harness] [eregalloc-c0] compiling int128-aarch64...
[harness] [eregalloc-c0+spectral] compiling int128-aarch64...
[harness] [eregalloc-c2] compiling int128-aarch64...
[harness] [eregalloc-c2+spectral] compiling int128-aarch64...
[harness] [baseline] compiling hashmap-aarch64...
[harness] [weighted] compiling hashmap-aarch64...
[harness] [weighted+remat] compiling hashmap-aarch64...
[harness] [weighted+remat+spectral] compiling hashmap-aarch64...
[harness] [eregalloc-c0] compiling hashmap-aarch64...
[harness] [eregalloc-c0+spectral] compiling hashmap-aarch64...
[harness] [eregalloc-c2] compiling hashmap-aarch64...
[harness] [eregalloc-c2+spectral] compiling hashmap-aarch64...
[harness] [baseline] compiling itoa-aarch64...
[harness] [weighted] compiling itoa-aarch64...
[harness] [weighted+remat] compiling itoa-aarch64...
[harness] [weighted+remat+spectral] compiling itoa-aarch64...
[harness] [eregalloc-c0] compiling itoa-aarch64...
[harness] [eregalloc-c0+spectral] compiling itoa-aarch64...
[harness] [eregalloc-c2] compiling itoa-aarch64...
[harness] [eregalloc-c2+spectral] compiling itoa-aarch64...
[harness] [baseline] compiling oc-course...
[harness] [weighted] compiling oc-course...
[harness] [weighted+remat] compiling oc-course...
[harness] [weighted+remat+spectral] compiling oc-course...
[harness] [eregalloc-c0] compiling oc-course...
[harness] [eregalloc-c0+spectral] compiling oc-course...
[harness] [eregalloc-c2] compiling oc-course...
[harness] [eregalloc-c2+spectral] compiling oc-course...
[harness] [baseline] compiling stdin-aarch64...
[harness] [weighted] compiling stdin-aarch64...
[harness] [weighted+remat] compiling stdin-aarch64...
[harness] [weighted+remat+spectral] compiling stdin-aarch64...
[harness] [eregalloc-c0] compiling stdin-aarch64...
[harness] [eregalloc-c0+spectral] compiling stdin-aarch64...
[harness] [eregalloc-c2] compiling stdin-aarch64...
[harness] [eregalloc-c2+spectral] compiling stdin-aarch64...
[harness] [baseline] compiling sudoku-aarch64...
[harness] [weighted] compiling sudoku-aarch64...
[harness] [weighted+remat] compiling sudoku-aarch64...
[harness] [weighted+remat+spectral] compiling sudoku-aarch64...
[harness] [eregalloc-c0] compiling sudoku-aarch64...
[harness] [eregalloc-c0+spectral] compiling sudoku-aarch64...
[harness] [eregalloc-c2] compiling sudoku-aarch64...
[harness] [eregalloc-c2+spectral] compiling sudoku-aarch64...
[harness] [baseline] compiling sudoku-solver...
[harness] [weighted] compiling sudoku-solver...
[harness] [weighted+remat] compiling sudoku-solver...
[harness] [weighted+remat+spectral] compiling sudoku-solver...
[harness] [eregalloc-c0] compiling sudoku-solver...
[harness] [eregalloc-c0+spectral] compiling sudoku-solver...
[harness] [eregalloc-c2] compiling sudoku-solver...
[harness] [eregalloc-c2+spectral] compiling sudoku-solver...
[harness] corpus CPU variants: div_recurrence, dot_product, elementwise_chain, gemm_control, gemm_tiled, histogram, jacobi_2d, prefix_sum, rms_norm, saxpy, seidel_2d, softmax, transpose, vector_add
[harness] [baseline] compiling div_recurrence...
[harness] [weighted] compiling div_recurrence...
[harness] [weighted+remat] compiling div_recurrence...
[harness] [weighted+remat+spectral] compiling div_recurrence...
[harness] [eregalloc-c0] compiling div_recurrence...
[harness] [eregalloc-c0+spectral] compiling div_recurrence...
[harness] [eregalloc-c2] compiling div_recurrence...
[harness] [eregalloc-c2+spectral] compiling div_recurrence...
[harness] [baseline] compiling dot_product...
[harness] [weighted] compiling dot_product...
[harness] [weighted+remat] compiling dot_product...
[harness] [weighted+remat+spectral] compiling dot_product...
[harness] [eregalloc-c0] compiling dot_product...
[harness] [eregalloc-c0+spectral] compiling dot_product...
[harness] [eregalloc-c2] compiling dot_product...
[harness] [eregalloc-c2+spectral] compiling dot_product...
[harness] [baseline] compiling elementwise_chain...
[harness] [weighted] compiling elementwise_chain...
[harness] [weighted+remat] compiling elementwise_chain...
[harness] [weighted+remat+spectral] compiling elementwise_chain...
[harness] [eregalloc-c0] compiling elementwise_chain...
[harness] [eregalloc-c0+spectral] compiling elementwise_chain...
[harness] [eregalloc-c2] compiling elementwise_chain...
[harness] [eregalloc-c2+spectral] compiling elementwise_chain...
[harness] [baseline] compiling gemm_control...
[harness] [weighted] compiling gemm_control...
